
    _____   __    __________________       ____________
   /  _/ | / /   / / ____/ ____/_  /      /  _/ ____/ /
   / //  |/ /__  / / __/ / /     / / _____ / // / __/ / 
 _/ // /|  / _ \/ / /___/ /___  / / /____// // /_/ /_/  
/___/_/ |_/\___/_/_____/\____/ /_/      /___/\____(_)   

:: Core Intelligence Engine :: 


2026-05-14T21:35:28.571-03:00  INFO 44177 --- [inject-ig-core] [  restartedMain] c.n.core_engine.NexusCoreApplication     : Starting NexusCoreApplication using Java 25.0.1 with PID 44177 (/Users/igorgomes/Library/Mobile Documents/com~apple~CloudDocs/Documents/Site + App/12-05/Seguranca/inject-ig-engine/core-engine/target/classes started by igorgomes in /Users/igorgomes/Library/Mobile Documents/com~apple~CloudDocs/Documents/Site + App/12-05/Seguranca/inject-ig-engine/core-engine)
2026-05-14T21:35:28.574-03:00  INFO 44177 --- [inject-ig-core] [  restartedMain] c.n.core_engine.NexusCoreApplication     : No active profile set, falling back to 1 default profile: "default"
2026-05-14T21:35:28.639-03:00  INFO 44177 --- [inject-ig-core] [  restartedMain] .e.DevToolsPropertyDefaultsPostProcessor : Devtools property defaults active! Set 'spring.devtools.add-properties' to 'false' to disable
2026-05-14T21:35:28.639-03:00  INFO 44177 --- [inject-ig-core] [  restartedMain] .e.DevToolsPropertyDefaultsPostProcessor : For additional web related logging consider setting the 'logging.level.web' property to 'DEBUG'
2026-05-14T21:35:30.032-03:00  INFO 44177 --- [inject-ig-core] [  restartedMain] o.s.b.w.embedded.tomcat.TomcatWebServer  : Tomcat initialized with port 8080 (http)
2026-05-14T21:35:30.050-03:00  INFO 44177 --- [inject-ig-core] [  restartedMain] o.apache.catalina.core.StandardService   : Starting service [Tomcat]
2026-05-14T21:35:30.050-03:00  INFO 44177 --- [inject-ig-core] [  restartedMain] o.apache.catalina.core.StandardEngine    : Starting Servlet engine: [Apache Tomcat/10.1.41]
2026-05-14T21:35:30.083-03:00  INFO 44177 --- [inject-ig-core] [  restartedMain] o.a.c.c.C.[Tomcat].[localhost].[/]       : Initializing Spring embedded WebApplicationContext
2026-05-14T21:35:30.084-03:00  INFO 44177 --- [inject-ig-core] [  restartedMain] w.s.c.ServletWebServerApplicationContext : Root WebApplicationContext: initialization completed in 1443 ms
2026-05-14T21:35:30.712-03:00  INFO 44177 --- [inject-ig-core] [  restartedMain] o.s.b.d.a.OptionalLiveReloadServer       : LiveReload server is running on port 35729
2026-05-14T21:35:30.728-03:00  INFO 44177 --- [inject-ig-core] [  restartedMain] o.s.b.a.e.web.EndpointLinksResolver      : Exposing 1 endpoint beneath base path '/actuator'
2026-05-14T21:35:30.830-03:00  INFO 44177 --- [inject-ig-core] [  restartedMain] o.s.b.w.embedded.tomcat.TomcatWebServer  : Tomcat started on port 8080 (http) with context path '/'
2026-05-14T21:35:30.848-03:00  INFO 44177 --- [inject-ig-core] [  restartedMain] c.n.core_engine.NexusCoreApplication     : Started NexusCoreApplication in 2.816 seconds (process running for 3.324)
2026-05-14T21:35:31.699-03:00  INFO 44177 --- [inject-ig-core] [nio-8080-exec-1] o.a.c.c.C.[Tomcat].[localhost].[/]       : Initializing Spring DispatcherServlet 'dispatcherServlet'
2026-05-14T21:35:31.699-03:00  INFO 44177 --- [inject-ig-core] [nio-8080-exec-1] o.s.web.servlet.DispatcherServlet        : Initializing Servlet 'dispatcherServlet'
2026-05-14T21:35:31.700-03:00  INFO 44177 --- [inject-ig-core] [nio-8080-exec-1] o.s.web.servlet.DispatcherServlet        : Completed initialization in 1 ms
